// Jest Snapshot v1, https://goo.gl/fbAQLP

exports[`Note Component Should show Note Component 1`] = `undefined`;
