// Jest Snapshot v1, https://goo.gl/fbAQLP

exports[`ArchivedPage Should show ArchivedPage 1`] = `undefined`;
