// Jest Snapshot v1, https://goo.gl/fbAQLP

exports[`HomePage Should show HomePage 1`] = `undefined`;
